[2026-02-10T22:04:02+00:00] session=f8825ce0-73c3-42e3-b747-8d96c39917c7 tool=Write file=/home/user/rector-with-init/.ai/project/features/editorial-refactoring/FEATURE_editorial-refactoring.md trust=high action=ALLOWED
[2026-02-10T22:06:07+00:00] session=f8825ce0-73c3-42e3-b747-8d96c39917c7 tool=Write file=/home/user/rector-with-init/.ai/project/features/editorial-refactoring/12_specs.md trust=high action=ALLOWED
[2026-02-10T22:07:14+00:00] session=f8825ce0-73c3-42e3-b747-8d96c39917c7 tool=Write file=/home/user/rector-with-init/.ai/project/features/editorial-refactoring/30_tasks_backend.md trust=high action=ALLOWED
[2026-02-10T22:07:27+00:00] session=f8825ce0-73c3-42e3-b747-8d96c39917c7 tool=Write file=/home/user/rector-with-init/.ai/project/features/editorial-refactoring/50_state.md trust=high action=ALLOWED
[2026-02-10T22:11:27+00:00] session=079be41b-c507-4bdb-b6e0-adcb8193224e tool=Edit file=/home/user/rector-with-init/.ai/project/features/editorial-refactoring/50_state.md trust=high action=ALLOWED
[2026-02-10T22:11:33+00:00] session=079be41b-c507-4bdb-b6e0-adcb8193224e tool=Edit file=/home/user/rector-with-init/.ai/project/features/editorial-refactoring/50_state.md trust=high action=ALLOWED
[2026-02-10T22:11:41+00:00] session=079be41b-c507-4bdb-b6e0-adcb8193224e tool=Edit file=/home/user/rector-with-init/.ai/project/features/editorial-refactoring/12_specs.md trust=high action=ALLOWED
[2026-02-10T22:11:47+00:00] session=079be41b-c507-4bdb-b6e0-adcb8193224e tool=Edit file=/home/user/rector-with-init/.ai/project/features/editorial-refactoring/12_specs.md trust=high action=ALLOWED
[2026-02-10T22:11:54+00:00] session=079be41b-c507-4bdb-b6e0-adcb8193224e tool=Edit file=/home/user/rector-with-init/.ai/project/features/editorial-refactoring/12_specs.md trust=high action=ALLOWED
[2026-02-10T22:27:10+00:00] session=39270139-f0d2-49ca-9858-cb525e4c0432 tool=Write file=/home/user/rector-with-init/.ai/project/features/editorial-refactoring/00_problem_statement.md trust=high action=ALLOWED
[2026-02-10T22:27:37+00:00] session=39270139-f0d2-49ca-9858-cb525e4c0432 tool=Write file=/home/user/rector-with-init/.ai/project/features/editorial-refactoring/13_integration_analysis.md trust=high action=ALLOWED
[2026-02-10T22:28:51+00:00] session=39270139-f0d2-49ca-9858-cb525e4c0432 tool=Write file=/home/user/rector-with-init/.ai/project/features/editorial-refactoring/15_solutions.md trust=high action=ALLOWED
[2026-02-10T22:29:39+00:00] session=39270139-f0d2-49ca-9858-cb525e4c0432 tool=Write file=/home/user/rector-with-init/.ai/project/features/editorial-refactoring/16_architectural_impact.md trust=high action=ALLOWED
[2026-02-10T22:29:53+00:00] session=39270139-f0d2-49ca-9858-cb525e4c0432 tool=Edit file=/home/user/rector-with-init/.ai/project/features/editorial-refactoring/50_state.md trust=high action=ALLOWED
[2026-02-10T22:30:01+00:00] session=39270139-f0d2-49ca-9858-cb525e4c0432 tool=Edit file=/home/user/rector-with-init/.ai/project/features/editorial-refactoring/50_state.md trust=high action=ALLOWED
[2026-02-10T22:33:31+00:00] session=39270139-f0d2-49ca-9858-cb525e4c0432 tool=Write file=/home/user/rector-with-init/tests/Infrastructure/Enum/AspectRatioEnumTest.php trust=high action=ALLOWED
[2026-02-10T22:36:13+00:00] session=39270139-f0d2-49ca-9858-cb525e4c0432 tool=Write file=/home/user/rector-with-init/src/Infrastructure/Enum/AspectRatioEnum.php trust=high action=ALLOWED
[2026-02-10T22:36:41+00:00] session=39270139-f0d2-49ca-9858-cb525e4c0432 tool=Write file=/home/user/rector-with-init/tests/Infrastructure/ValueObject/ImageSizeTest.php trust=high action=ALLOWED
[2026-02-10T22:36:55+00:00] session=39270139-f0d2-49ca-9858-cb525e4c0432 tool=Write file=/home/user/rector-with-init/tests/Infrastructure/ValueObject/ImageSizeCollectionTest.php trust=high action=ALLOWED
[2026-02-10T22:37:00+00:00] session=39270139-f0d2-49ca-9858-cb525e4c0432 tool=Write file=/home/user/rector-with-init/src/Infrastructure/ValueObject/ImageSize.php trust=high action=ALLOWED
[2026-02-10T22:37:19+00:00] session=39270139-f0d2-49ca-9858-cb525e4c0432 tool=Write file=/home/user/rector-with-init/src/Infrastructure/ValueObject/ImageSizeCollection.php trust=high action=ALLOWED
[2026-02-10T22:37:47+00:00] session=39270139-f0d2-49ca-9858-cb525e4c0432 tool=Edit file=/home/user/rector-with-init/src/Infrastructure/ValueObject/ImageSizeCollection.php trust=high action=ALLOWED
[2026-02-10T22:37:56+00:00] session=39270139-f0d2-49ca-9858-cb525e4c0432 tool=Edit file=/home/user/rector-with-init/tests/Infrastructure/ValueObject/ImageSizeCollectionTest.php trust=high action=ALLOWED
[2026-02-10T22:38:48+00:00] session=39270139-f0d2-49ca-9858-cb525e4c0432 tool=Write file=/home/user/rector-with-init/tests/Infrastructure/Service/MultimediaShotServiceTest.php trust=high action=ALLOWED
[2026-02-10T22:39:04+00:00] session=39270139-f0d2-49ca-9858-cb525e4c0432 tool=Write file=/home/user/rector-with-init/src/Infrastructure/Service/MultimediaShotService.php trust=high action=ALLOWED
[2026-02-10T22:39:49+00:00] session=39270139-f0d2-49ca-9858-cb525e4c0432 tool=Edit file=/home/user/rector-with-init/.ai/project/features/editorial-refactoring/50_state.md trust=high action=ALLOWED
[2026-02-10T22:45:57+00:00] session=39270139-f0d2-49ca-9858-cb525e4c0432 tool=Edit file=/home/user/rector-with-init/src/Infrastructure/Trait/UrlGeneratorTrait.php trust=high action=ALLOWED
[2026-02-10T22:46:27+00:00] session=39270139-f0d2-49ca-9858-cb525e4c0432 tool=Edit file=/home/user/rector-with-init/src/Application/DataTransformer/Apps/DetailsAppsDataTransformer.php trust=high action=ALLOWED
[2026-02-10T22:46:32+00:00] session=39270139-f0d2-49ca-9858-cb525e4c0432 tool=Edit file=/home/user/rector-with-init/src/Application/DataTransformer/Apps/DetailsAppsDataTransformer.php trust=high action=ALLOWED
[2026-02-10T22:46:37+00:00] session=39270139-f0d2-49ca-9858-cb525e4c0432 tool=Edit file=/home/user/rector-with-init/src/Application/DataTransformer/Apps/DetailsAppsDataTransformer.php trust=high action=ALLOWED
[2026-02-10T22:46:44+00:00] session=39270139-f0d2-49ca-9858-cb525e4c0432 tool=Edit file=/home/user/rector-with-init/src/Application/DataTransformer/Apps/DetailsAppsDataTransformer.php trust=high action=ALLOWED
[2026-02-10T22:46:58+00:00] session=39270139-f0d2-49ca-9858-cb525e4c0432 tool=Edit file=/home/user/rector-with-init/src/Application/DataTransformer/Apps/RecommendedEditorialsDataTransformer.php trust=high action=ALLOWED
[2026-02-10T22:47:03+00:00] session=39270139-f0d2-49ca-9858-cb525e4c0432 tool=Edit file=/home/user/rector-with-init/src/Application/DataTransformer/Apps/RecommendedEditorialsDataTransformer.php trust=high action=ALLOWED
[2026-02-10T22:47:12+00:00] session=39270139-f0d2-49ca-9858-cb525e4c0432 tool=Edit file=/home/user/rector-with-init/src/Application/DataTransformer/Apps/Body/BodyTagInsertedNewsDataTransformer.php trust=high action=ALLOWED
[2026-02-10T22:47:17+00:00] session=39270139-f0d2-49ca-9858-cb525e4c0432 tool=Edit file=/home/user/rector-with-init/src/Application/DataTransformer/Apps/Body/BodyTagInsertedNewsDataTransformer.php trust=high action=ALLOWED
[2026-02-10T22:47:54+00:00] session=39270139-f0d2-49ca-9858-cb525e4c0432 tool=Write file=/home/user/rector-with-init/src/Application/DataTransformer/Apps/RecommendedEditorialsDataTransformer.php trust=high action=ALLOWED
[2026-02-10T22:48:12+00:00] session=39270139-f0d2-49ca-9858-cb525e4c0432 tool=Write file=/home/user/rector-with-init/src/Application/DataTransformer/Apps/Body/BodyTagInsertedNewsDataTransformer.php trust=high action=ALLOWED
[2026-02-10T22:48:23+00:00] session=39270139-f0d2-49ca-9858-cb525e4c0432 tool=Edit file=/home/user/rector-with-init/src/Application/DataTransformer/Apps/DetailsMultimediaDataTransformer.php trust=high action=ALLOWED
[2026-02-10T22:48:27+00:00] session=39270139-f0d2-49ca-9858-cb525e4c0432 tool=Edit file=/home/user/rector-with-init/src/Application/DataTransformer/Apps/DetailsMultimediaDataTransformer.php trust=high action=ALLOWED
[2026-02-10T22:48:34+00:00] session=39270139-f0d2-49ca-9858-cb525e4c0432 tool=Edit file=/home/user/rector-with-init/src/Application/DataTransformer/Apps/DetailsMultimediaDataTransformer.php trust=high action=ALLOWED
[2026-02-10T22:48:44+00:00] session=39270139-f0d2-49ca-9858-cb525e4c0432 tool=Edit file=/home/user/rector-with-init/src/Application/DataTransformer/Apps/Media/DataTransformers/DetailsMultimediaPhotoDataTransformer.php trust=high action=ALLOWED
[2026-02-10T22:48:49+00:00] session=39270139-f0d2-49ca-9858-cb525e4c0432 tool=Edit file=/home/user/rector-with-init/src/Application/DataTransformer/Apps/Media/DataTransformers/DetailsMultimediaPhotoDataTransformer.php trust=high action=ALLOWED
[2026-02-10T22:49:12+00:00] session=39270139-f0d2-49ca-9858-cb525e4c0432 tool=Edit file=/home/user/rector-with-init/src/Orchestrator/Chain/EditorialOrchestrator.php trust=high action=ALLOWED
[2026-02-10T22:49:17+00:00] session=39270139-f0d2-49ca-9858-cb525e4c0432 tool=Edit file=/home/user/rector-with-init/src/Orchestrator/Chain/EditorialOrchestrator.php trust=high action=ALLOWED
[2026-02-10T22:49:23+00:00] session=39270139-f0d2-49ca-9858-cb525e4c0432 tool=Edit file=/home/user/rector-with-init/src/Orchestrator/Chain/EditorialOrchestrator.php trust=high action=ALLOWED
[2026-02-10T22:49:30+00:00] session=39270139-f0d2-49ca-9858-cb525e4c0432 tool=Edit file=/home/user/rector-with-init/src/Orchestrator/Chain/EditorialOrchestrator.php trust=high action=ALLOWED
[2026-02-10T22:49:40+00:00] session=39270139-f0d2-49ca-9858-cb525e4c0432 tool=Edit file=/home/user/rector-with-init/src/Application/DataTransformer/Apps/JournalistsDataTransformer.php trust=high action=ALLOWED
[2026-02-10T22:49:45+00:00] session=39270139-f0d2-49ca-9858-cb525e4c0432 tool=Edit file=/home/user/rector-with-init/src/Application/DataTransformer/Apps/JournalistsDataTransformer.php trust=high action=ALLOWED
[2026-02-10T22:49:50+00:00] session=39270139-f0d2-49ca-9858-cb525e4c0432 tool=Edit file=/home/user/rector-with-init/src/Application/DataTransformer/Apps/JournalistsDataTransformer.php trust=high action=ALLOWED
[2026-02-10T22:49:55+00:00] session=39270139-f0d2-49ca-9858-cb525e4c0432 tool=Edit file=/home/user/rector-with-init/src/Application/DataTransformer/Apps/JournalistsDataTransformer.php trust=high action=ALLOWED
[2026-02-10T22:51:58+00:00] session=39270139-f0d2-49ca-9858-cb525e4c0432 tool=Edit file=/home/user/rector-with-init/.ai/project/features/editorial-refactoring/50_state.md trust=high action=ALLOWED
